[2026-08-17 13:51:23] testing.ERROR: Simulated failure {"userId":1,"exception":"[object] (RuntimeException(code: 0): Simulated failure at C:/Users/Y.com/Downloads/sacco-management-develop/backend/tests/Feature/RepaymentEndpointsTest.php:233)
[stacktrace]
#0 C:/Users/Y.com/Downloads/sacco-management-develop/backend/vendor/laravel/framework/src/Illuminate/Events/Dispatcher.php(492): Tests/Feature/RepaymentEndpointsTest->{closure:Tests/Feature/RepaymentEndpointsTest::test_transaction_rolls_back_when_repayment_processing_fails():232}(Object(App/Models/Repayment))
#1 C:/Users/Y.com/Downloads/sacco-management-develop/backend/vendor/laravel/framework/src/Illuminate/Events/Dispatcher.php(319): Illuminate/Events/Dispatcher->{closure:Illuminate/Events/Dispatcher::makeListener():487}('eloquent.creati...', Array)
#2 C:/Users/Y.com/Downloads/sacco-management-develop/backend/vendor/laravel/framework/src/Illuminate/Events/Dispatcher.php(299): Illuminate/Events/Dispatcher->invokeListeners('eloquent.creati...', Array, true)
#3 C:/Users/Y.com/Downloads/sacco-management-develop/backend/vendor/laravel/framework/src/Illuminate/Events/Dispatcher.php(259): Illuminate/Events/Dispatcher->dispatch('eloquent.creati...', Object(App/Models/Repayment), true)
#4 C:/Users/Y.com/Downloads/sacco-management-develop/backend/vendor/laravel/framework/src/Illuminate/Database/Eloquent/Concerns/HasEvents.php(224): Illuminate/Events/Dispatcher->until('eloquent.creati...', Object(App/Models/Repayment))
#5 C:/Users/Y.com/Downloads/sacco-management-develop/backend/vendor/laravel/framework/src/Illuminate/Database/Eloquent/Model.php(1384): Illuminate/Database/Eloquent/Model->fireModelEvent('creating')
#6 C:/Users/Y.com/Downloads/sacco-management-develop/backend/vendor/laravel/framework/src/Illuminate/Database/Eloquent/Model.php(1240): Illuminate/Database/Eloquent/Model->performInsert(Object(Illuminate/Database/Eloquent/Builder))
#7 C:/Users/Y.com/Downloads/sacco-management-develop/backend/vendor/laravel/framework/src/Illuminate/Database/Eloquent/Builder.php(1219): Illuminate/Database/Eloquent/Model->save()
#8 C:/Users/Y.com/Downloads/sacco-management-develop/backend/vendor/laravel/framework/src/Illuminate/Support/helpers.php(393): Illuminate/Database/Eloquent/Builder->{closure:Illuminate/Database/Eloquent/Builder::create():1218}(Object(App/Models/Repayment))
#9 C:/Users/Y.com/Downloads/sacco-management-develop/backend/vendor/laravel/framework/src/Illuminate/Database/Eloquent/Builder.php(1218): tap(Object(App/Models/Repayment), Object(Closure))
#10 C:/Users/Y.com/Downloads/sacco-management-develop/backend/vendor/laravel/framework/src/Illuminate/Support/Traits/ForwardsCalls.php(23): Illuminate/Database/Eloquent/Builder->create(Array)
#11 C:/Users/Y.com/Downloads/sacco-management-develop/backend/vendor/laravel/framework/src/Illuminate/Database/Eloquent/Model.php(2544): Illuminate/Database/Eloquent/Model->forwardCallTo(Object(Illuminate/Database/Eloquent/Builder), 'create', Array)
#12 C:/Users/Y.com/Downloads/sacco-management-develop/backend/vendor/laravel/framework/src/Illuminate/Database/Eloquent/Model.php(2560): Illuminate/Database/Eloquent/Model->__call('create', Array)
#13 C:/Users/Y.com/Downloads/sacco-management-develop/backend/app/Http/Controllers/Api/V1/RepaymentController.php(96): Illuminate/Database/Eloquent/Model::__callStatic('create', Array)
#14 C:/Users/Y.com/Downloads/sacco-management-develop/backend/vendor/laravel/framework/src/Illuminate/Database/Concerns/ManagesTransactions.php(35): App/Http/Controllers/Api/V1/RepaymentController->{closure:App/Http/Controllers/Api/V1/RepaymentController::store():54}(Object(Illuminate/Database/SQLiteConnection))
#15 C:/Users/Y.com/Downloads/sacco-management-develop/backend/vendor/laravel/framework/src/Illuminate/Database/DatabaseManager.php(491): Illuminate/Database/Connection->transaction(Object(Closure))
#16 C:/Users/Y.com/Downloads/sacco-management-develop/backend/vendor/laravel/framework/src/Illuminate/Support/Facades/Facade.php(363): Illuminate/Database/DatabaseManager->__call('transaction', Array)
#17 C:/Users/Y.com/Downloads/sacco-management-develop/backend/app/Http/Controllers/Api/V1/RepaymentController.php(54): Illuminate/Support/Facades/Facade::__callStatic('transaction', Array)
#18 C:/Users/Y.com/Downloads/sacco-management-develop/backend/vendor/laravel/framework/src/Illuminate/Routing/ControllerDispatcher.php(46): App/Http/Controllers/Api/V1/RepaymentController->store(Object(App/Http/Requests/Api/V1/StoreRepaymentRequest), Object(App/Models/Loan))
#19 C:/Users/Y.com/Downloads/sacco-management-develop/backend/vendor/laravel/framework/src/Illuminate/Routing/Route.php(265): Illuminate/Routing/ControllerDispatcher->dispatch(Object(Illuminate/Routing/Route), Object(App/Http/Controllers/Api/V1/RepaymentController), 'store')
#20 C:/Users/Y.com/Downloads/sacco-management-develop/backend/vendor/laravel/framework/src/Illuminate/Routing/Route.php(211): Illuminate/Routing/Route->runController()
#21 C:/Users/Y.com/Downloads/sacco-management-develop/backend/vendor/laravel/framework/src/Illuminate/Routing/Router.php(822): Illuminate/Routing/Route->run()
#22 C:/Users/Y.com/Downloads/sacco-management-develop/backend/vendor/laravel/framework/src/Illuminate/Pipeline/Pipeline.php(180): Illuminate/Routing/Router->{closure:Illuminate/Routing/Router::runRouteWithinStack():821}(Object(Illuminate/Http/Request))
#23 C:/Users/Y.com/Downloads/sacco-management-develop/backend/app/Http/Middleware/RoleMiddleware.php(26): Illuminate/Pipeline/Pipeline->{closure:Illuminate/Pipeline/Pipeline::prepareDestination():178}(Object(Illuminate/Http/Request))
#24 C:/Users/Y.com/Downloads/sacco-management-develop/backend/vendor/laravel/framework/src/Illuminate/Pipeline/Pipeline.php(219): App/Http/Middleware/RoleMiddleware->handle(Object(Illuminate/Http/Request), Object(Closure), 'admin', 'sacco_admin')
#25 C:/Users/Y.com/Downloads/sacco-management-develop/backend/vendor/grazulex/laravel-apiroute/src/Middleware/FallbackRoute.php(31): Illuminate/Pipeline/Pipeline->{closure:{closure:Illuminate/Pipeline/Pipeline::carry():194}:195}(Object(Illuminate/Http/Request))
#26 C:/Users/Y.com/Downloads/sacco-management-develop/backend/vendor/laravel/framework/src/Illuminate/Pipeline/Pipeline.php(219): Grazulex/ApiRoute/Middleware/FallbackRoute->handle(Object(Illuminate/Http/Request), Object(Closure))
#27 C:/Users/Y.com/Downloads/sacco-management-develop/backend/vendor/grazulex/laravel-apiroute/src/Middleware/RateLimitApiVersion.php(35): Illuminate/Pipeline/Pipeline->{closure:{closure:Illuminate/Pipeline/Pipeline::carry():194}:195}(Object(Illuminate/Http/Request))
#28 C:/Users/Y.com/Downloads/sacco-management-develop/backend/vendor/laravel/framework/src/Illuminate/Pipeline/Pipeline.php(219): Grazulex/ApiRoute/Middleware/RateLimitApiVersion->handle(Object(Illuminate/Http/Request), Object(Closure))
#29 C:/Users/Y.com/Downloads/sacco-management-develop/backend/vendor/grazulex/laravel-apiroute/src/Middleware/ResolveApiVersion.php(62): Illuminate/Pipeline/Pipeline->{closure:{closure:Illuminate/Pipeline/Pipeline::carry():194}:195}(Object(Illuminate/Http/Request))
#30 C:/Users/Y.com/Downloads/sacco-management-develop/backend/vendor/laravel/framework/src/Illuminate/Pipeline/Pipeline.php(219): Grazulex/ApiRoute/Middleware/ResolveApiVersion->handle(Object(Illuminate/Http/Request), Object(Closure))
#31 C:/Users/Y.com/Downloads/sacco-management-develop/backend/vendor/laravel/framework/src/Illuminate/Routing/Middleware/SubstituteBindings.php(50): Illuminate/Pipeline/Pipeline->{closure:{closure:Illuminate/Pipeline/Pipeline::carry():194}:195}(Object(Illuminate/Http/Request))
#32 C:/Users/Y.com/Downloads/sacco-management-develop/backend/vendor/laravel/framework/src/Illuminate/Pipeline/Pipeline.php(219): Illuminate/Routing/Middleware/SubstituteBindings->handle(Object(Illuminate/Http/Request), Object(Closure))
#33 C:/Users/Y.com/Downloads/sacco-management-develop/backend/vendor/laravel/framework/src/Illuminate/Routing/Middleware/ThrottleRequests.php(166): Illuminate/Pipeline/Pipeline->{closure:{closure:Illuminate/Pipeline/Pipeline::carry():194}:195}(Object(Illuminate/Http/Request))
#34 C:/Users/Y.com/Downloads/sacco-management-develop/backend/vendor/laravel/framework/src/Illuminate/Routing/Middleware/ThrottleRequests.php(129): Illuminate/Routing/Middleware/ThrottleRequests->handleRequest(Object(Illuminate/Http/Request), Object(Closure), Array)
#35 C:/Users/Y.com/Downloads/sacco-management-develop/backend/vendor/laravel/framework/src/Illuminate/Routing/Middleware/ThrottleRequests.php(90): Illuminate/Routing/Middleware/ThrottleRequests->handleRequestUsingNamedLimiter(Object(Illuminate/Http/Request), Object(Closure), 'authenticated', Object(Closure))
#36 C:/Users/Y.com/Downloads/sacco-management-develop/backend/vendor/laravel/framework/src/Illuminate/Pipeline/Pipeline.php(219): Illuminate/Routing/Middleware/ThrottleRequests->handle(Object(Illuminate/Http/Request), Object(Closure), 'authenticated')
#37 C:/Users/Y.com/Downloads/sacco-management-develop/backend/vendor/laravel/framework/src/Illuminate/Auth/Middleware/Authenticate.php(63): Illuminate/Pipeline/Pipeline->{closure:{closure:Illuminate/Pipeline/Pipeline::carry():194}:195}(Object(Illuminate/Http/Request))
#38 C:/Users/Y.com/Downloads/sacco-management-develop/backend/vendor/laravel/framework/src/Illuminate/Pipeline/Pipeline.php(219): Illuminate/Auth/Middleware/Authenticate->handle(Object(Illuminate/Http/Request), Object(Closure), 'sanctum')
#39 C:/Users/Y.com/Downloads/sacco-management-develop/backend/vendor/laravel/framework/src/Illuminate/Pipeline/Pipeline.php(137): Illuminate/Pipeline/Pipeline->{closure:{closure:Illuminate/Pipeline/Pipeline::carry():194}:195}(Object(Illuminate/Http/Request))
#40 C:/Users/Y.com/Downloads/sacco-management-develop/backend/vendor/laravel/framework/src/Illuminate/Routing/Router.php(821): Illuminate/Pipeline/Pipeline->then(Object(Closure))
#41 C:/Users/Y.com/Downloads/sacco-management-develop/backend/vendor/laravel/framework/src/Illuminate/Routing/Router.php(800): Illuminate/Routing/Router->runRouteWithinStack(Object(Illuminate/Routing/Route), Object(Illuminate/Http/Request))
#42 C:/Users/Y.com/Downloads/sacco-management-develop/backend/vendor/laravel/framework/src/Illuminate/Routing/Router.php(764): Illuminate/Routing/Router->runRoute(Object(Illuminate/Http/Request), Object(Illuminate/Routing/Route))
#43 C:/Users/Y.com/Downloads/sacco-management-develop/backend/vendor/laravel/framework/src/Illuminate/Routing/Router.php(753): Illuminate/Routing/Router->dispatchToRoute(Object(Illuminate/Http/Request))
#44 C:/Users/Y.com/Downloads/sacco-management-develop/backend/vendor/laravel/framework/src/Illuminate/Foundation/Http/Kernel.php(200): Illuminate/Routing/Router->dispatch(Object(Illuminate/Http/Request))
#45 C:/Users/Y.com/Downloads/sacco-management-develop/backend/vendor/laravel/framework/src/Illuminate/Pipeline/Pipeline.php(180): Illuminate/Foundation/Http/Kernel->{closure:Illuminate/Foundation/Http/Kernel::dispatchToRouter():197}(Object(Illuminate/Http/Request))
#46 C:/Users/Y.com/Downloads/sacco-management-develop/backend/vendor/laravel/framework/src/Illuminate/Foundation/Http/Middleware/TransformsRequest.php(21): Illuminate/Pipeline/Pipeline->{closure:Illuminate/Pipeline/Pipeline::prepareDestination():178}(Object(Illuminate/Http/Request))
#47 C:/Users/Y.com/Downloads/sacco-management-develop/backend/vendor/laravel/framework/src/Illuminate/Foundation/Http/Middleware/ConvertEmptyStringsToNull.php(31): Illuminate/Foundation/Http/Middleware/TransformsRequest->handle(Object(Illuminate/Http/Request), Object(Closure))
#48 C:/Users/Y.com/Downloads/sacco-management-develop/backend/vendor/laravel/framework/src/Illuminate/Pipeline/Pipeline.php(219): Illuminate/Foundation/Http/Middleware/ConvertEmptyStringsToNull->handle(Object(Illuminate/Http/Request), Object(Closure))
#49 C:/Users/Y.com/Downloads/sacco-management-develop/backend/vendor/laravel/framework/src/Illuminate/Foundation/Http/Middleware/TransformsRequest.php(21): Illuminate/Pipeline/Pipeline->{closure:{closure:Illuminate/Pipeline/Pipeline::carry():194}:195}(Object(Illuminate/Http/Request))
#50 C:/Users/Y.com/Downloads/sacco-management-develop/backend/vendor/laravel/framework/src/Illuminate/Foundation/Http/Middleware/TrimStrings.php(51): Illuminate/Foundation/Http/Middleware/TransformsRequest->handle(Object(Illuminate/Http/Request), Object(Closure))
#51 C:/Users/Y.com/Downloads/sacco-management-develop/backend/vendor/laravel/framework/src/Illuminate/Pipeline/Pipeline.php(219): Illuminate/Foundation/Http/Middleware/TrimStrings->handle(Object(Illuminate/Http/Request), Object(Closure))
#52 C:/Users/Y.com/Downloads/sacco-management-develop/backend/vendor/laravel/framework/src/Illuminate/Http/Middleware/ValidatePostSize.php(27): Illuminate/Pipeline/Pipeline->{closure:{closure:Illuminate/Pipeline/Pipeline::carry():194}:195}(Object(Illuminate/Http/Request))
#53 C:/Users/Y.com/Downloads/sacco-management-develop/backend/vendor/laravel/framework/src/Illuminate/Pipeline/Pipeline.php(219): Illuminate/Http/Middleware/ValidatePostSize->handle(Object(Illuminate/Http/Request), Object(Closure))
#54 C:/Users/Y.com/Downloads/sacco-management-develop/backend/vendor/laravel/framework/src/Illuminate/Foundation/Http/Middleware/PreventRequestsDuringMaintenance.php(109): Illuminate/Pipeline/Pipeline->{closure:{closure:Illuminate/Pipeline/Pipeline::carry():194}:195}(Object(Illuminate/Http/Request))
#55 C:/Users/Y.com/Downloads/sacco-management-develop/backend/vendor/laravel/framework/src/Illuminate/Pipeline/Pipeline.php(219): Illuminate/Foundation/Http/Middleware/PreventRequestsDuringMaintenance->handle(Object(Illuminate/Http/Request), Object(Closure))
#56 C:/Users/Y.com/Downloads/sacco-management-develop/backend/vendor/laravel/framework/src/Illuminate/Http/Middleware/HandleCors.php(74): Illuminate/Pipeline/Pipeline->{closure:{closure:Illuminate/Pipeline/Pipeline::carry():194}:195}(Object(Illuminate/Http/Request))
#57 C:/Users/Y.com/Downloads/sacco-management-develop/backend/vendor/laravel/framework/src/Illuminate/Pipeline/Pipeline.php(219): Illuminate/Http/Middleware/HandleCors->handle(Object(Illuminate/Http/Request), Object(Closure))
#58 C:/Users/Y.com/Downloads/sacco-management-develop/backend/vendor/laravel/framework/src/Illuminate/Http/Middleware/TrustProxies.php(58): Illuminate/Pipeline/Pipeline->{closure:{closure:Illuminate/Pipeline/Pipeline::carry():194}:195}(Object(Illuminate/Http/Request))
#59 C:/Users/Y.com/Downloads/sacco-management-develop/backend/vendor/laravel/framework/src/Illuminate/Pipeline/Pipeline.php(219): Illuminate/Http/Middleware/TrustProxies->handle(Object(Illuminate/Http/Request), Object(Closure))
#60 C:/Users/Y.com/Downloads/sacco-management-develop/backend/vendor/laravel/framework/src/Illuminate/Foundation/Http/Middleware/InvokeDeferredCallbacks.php(22): Illuminate/Pipeline/Pipeline->{closure:{closure:Illuminate/Pipeline/Pipeline::carry():194}:195}(Object(Illuminate/Http/Request))
#61 C:/Users/Y.com/Downloads/sacco-management-develop/backend/vendor/laravel/framework/src/Illuminate/Pipeline/Pipeline.php(219): Illuminate/Foundation/Http/Middleware/InvokeDeferredCallbacks->handle(Object(Illuminate/Http/Request), Object(Closure))
#62 C:/Users/Y.com/Downloads/sacco-management-develop/backend/vendor/laravel/framework/src/Illuminate/Http/Middleware/ValidatePathEncoding.php(26): Illuminate/Pipeline/Pipeline->{closure:{closure:Illuminate/Pipeline/Pipeline::carry():194}:195}(Object(Illuminate/Http/Request))
#63 C:/Users/Y.com/Downloads/sacco-management-develop/backend/vendor/laravel/framework/src/Illuminate/Pipeline/Pipeline.php(219): Illuminate/Http/Middleware/ValidatePathEncoding->handle(Object(Illuminate/Http/Request), Object(Closure))
#64 C:/Users/Y.com/Downloads/sacco-management-develop/backend/vendor/laravel/framework/src/Illuminate/Pipeline/Pipeline.php(137): Illuminate/Pipeline/Pipeline->{closure:{closure:Illuminate/Pipeline/Pipeline::carry():194}:195}(Object(Illuminate/Http/Request))
#65 C:/Users/Y.com/Downloads/sacco-management-develop/backend/vendor/laravel/framework/src/Illuminate/Foundation/Http/Kernel.php(175): Illuminate/Pipeline/Pipeline->then(Object(Closure))
#66 C:/Users/Y.com/Downloads/sacco-management-develop/backend/vendor/laravel/framework/src/Illuminate/Foundation/Http/Kernel.php(144): Illuminate/Foundation/Http/Kernel->sendRequestThroughRouter(Object(Illuminate/Http/Request))
#67 C:/Users/Y.com/Downloads/sacco-management-develop/backend/vendor/laravel/framework/src/Illuminate/Foundation/Testing/Concerns/MakesHttpRequests.php(607): Illuminate/Foundation/Http/Kernel->handle(Object(Illuminate/Http/Request))
#68 C:/Users/Y.com/Downloads/sacco-management-develop/backend/vendor/laravel/framework/src/Illuminate/Foundation/Testing/Concerns/MakesHttpRequests.php(573): Illuminate/Foundation/Testing/TestCase->call('POST', '/api/v1/loans/1...', Array, Array, Array, Array, '{\"schedule_id\":...')
#69 C:/Users/Y.com/Downloads/sacco-management-develop/backend/vendor/laravel/framework/src/Illuminate/Foundation/Testing/Concerns/MakesHttpRequests.php(411): Illuminate/Foundation/Testing/TestCase->json('POST', '/api/v1/loans/1...', Array, Array, 0)
#70 C:/Users/Y.com/Downloads/sacco-management-develop/backend/tests/Feature/RepaymentEndpointsTest.php(236): Illuminate/Foundation/Testing/TestCase->postJson('/api/v1/loans/1...', Array)
#71 C:/Users/Y.com/Downloads/sacco-management-develop/backend/vendor/phpunit/phpunit/src/Framework/TestCase.php(1667): Tests/Feature/RepaymentEndpointsTest->test_transaction_rolls_back_when_repayment_processing_fails()
#72 C:/Users/Y.com/Downloads/sacco-management-develop/backend/vendor/phpunit/phpunit/src/Framework/TestCase.php(519): PHPUnit/Framework/TestCase->runTest()
#73 C:/Users/Y.com/Downloads/sacco-management-develop/backend/vendor/phpunit/phpunit/src/Framework/TestRunner/TestRunner.php(87): PHPUnit/Framework/TestCase->runBare()
#74 C:/Users/Y.com/Downloads/sacco-management-develop/backend/vendor/phpunit/phpunit/src/Framework/TestCase.php(365): PHPUnit/Framework/TestRunner->run(Object(Tests/Feature/RepaymentEndpointsTest))
#75 C:/Users/Y.com/Downloads/sacco-management-develop/backend/vendor/phpunit/phpunit/src/Framework/TestSuite.php(369): PHPUnit/Framework/TestCase->run()
#76 C:/Users/Y.com/Downloads/sacco-management-develop/backend/vendor/phpunit/phpunit/src/Framework/TestSuite.php(369): PHPUnit/Framework/TestSuite->run()
#77 C:/Users/Y.com/Downloads/sacco-management-develop/backend/vendor/phpunit/phpunit/src/Framework/TestSuite.php(369): PHPUnit/Framework/TestSuite->run()
#78 C:/Users/Y.com/Downloads/sacco-management-develop/backend/vendor/phpunit/phpunit/src/TextUI/TestRunner.php(64): PHPUnit/Framework/TestSuite->run()
#79 C:/Users/Y.com/Downloads/sacco-management-develop/backend/vendor/phpunit/phpunit/src/TextUI/Application.php(211): PHPUnit/TextUI/TestRunner->run(Object(PHPUnit/TextUI/Configuration/Configuration), Object(PHPUnit/Runner/ResultCache/DefaultResultCache), Object(PHPUnit/Framework/TestSuite))
#80 C:/Users/Y.com/Downloads/sacco-management-develop/backend/vendor/phpunit/phpunit/phpunit(104): PHPUnit/TextUI/Application->run(Array)
#81 {main}
"} 
[2026-08-17 13:53:10] testing.ERROR: Simulated failure {"userId":1,"exception":"[object] (RuntimeException(code: 0): Simulated failure at C:/Users/Y.com/Downloads/sacco-management-develop/backend/tests/Feature/RepaymentEndpointsTest.php:233)
[stacktrace]
#0 C:/Users/Y.com/Downloads/sacco-management-develop/backend/vendor/laravel/framework/src/Illuminate/Events/Dispatcher.php(492): Tests/Feature/RepaymentEndpointsTest->{closure:Tests/Feature/RepaymentEndpointsTest::test_transaction_rolls_back_when_repayment_processing_fails():232}(Object(App/Models/Repayment))
#1 C:/Users/Y.com/Downloads/sacco-management-develop/backend/vendor/laravel/framework/src/Illuminate/Events/Dispatcher.php(319): Illuminate/Events/Dispatcher->{closure:Illuminate/Events/Dispatcher::makeListener():487}('eloquent.creati...', Array)
#2 C:/Users/Y.com/Downloads/sacco-management-develop/backend/vendor/laravel/framework/src/Illuminate/Events/Dispatcher.php(299): Illuminate/Events/Dispatcher->invokeListeners('eloquent.creati...', Array, true)
#3 C:/Users/Y.com/Downloads/sacco-management-develop/backend/vendor/laravel/framework/src/Illuminate/Events/Dispatcher.php(259): Illuminate/Events/Dispatcher->dispatch('eloquent.creati...', Object(App/Models/Repayment), true)
#4 C:/Users/Y.com/Downloads/sacco-management-develop/backend/vendor/laravel/framework/src/Illuminate/Database/Eloquent/Concerns/HasEvents.php(224): Illuminate/Events/Dispatcher->until('eloquent.creati...', Object(App/Models/Repayment))
#5 C:/Users/Y.com/Downloads/sacco-management-develop/backend/vendor/laravel/framework/src/Illuminate/Database/Eloquent/Model.php(1384): Illuminate/Database/Eloquent/Model->fireModelEvent('creating')
#6 C:/Users/Y.com/Downloads/sacco-management-develop/backend/vendor/laravel/framework/src/Illuminate/Database/Eloquent/Model.php(1240): Illuminate/Database/Eloquent/Model->performInsert(Object(Illuminate/Database/Eloquent/Builder))
#7 C:/Users/Y.com/Downloads/sacco-management-develop/backend/vendor/laravel/framework/src/Illuminate/Database/Eloquent/Builder.php(1219): Illuminate/Database/Eloquent/Model->save()
#8 C:/Users/Y.com/Downloads/sacco-management-develop/backend/vendor/laravel/framework/src/Illuminate/Support/helpers.php(393): Illuminate/Database/Eloquent/Builder->{closure:Illuminate/Database/Eloquent/Builder::create():1218}(Object(App/Models/Repayment))
#9 C:/Users/Y.com/Downloads/sacco-management-develop/backend/vendor/laravel/framework/src/Illuminate/Database/Eloquent/Builder.php(1218): tap(Object(App/Models/Repayment), Object(Closure))
#10 C:/Users/Y.com/Downloads/sacco-management-develop/backend/vendor/laravel/framework/src/Illuminate/Support/Traits/ForwardsCalls.php(23): Illuminate/Database/Eloquent/Builder->create(Array)
#11 C:/Users/Y.com/Downloads/sacco-management-develop/backend/vendor/laravel/framework/src/Illuminate/Database/Eloquent/Model.php(2544): Illuminate/Database/Eloquent/Model->forwardCallTo(Object(Illuminate/Database/Eloquent/Builder), 'create', Array)
#12 C:/Users/Y.com/Downloads/sacco-management-develop/backend/vendor/laravel/framework/src/Illuminate/Database/Eloquent/Model.php(2560): Illuminate/Database/Eloquent/Model->__call('create', Array)
#13 C:/Users/Y.com/Downloads/sacco-management-develop/backend/app/Http/Controllers/Api/V1/RepaymentController.php(96): Illuminate/Database/Eloquent/Model::__callStatic('create', Array)
#14 C:/Users/Y.com/Downloads/sacco-management-develop/backend/vendor/laravel/framework/src/Illuminate/Database/Concerns/ManagesTransactions.php(35): App/Http/Controllers/Api/V1/RepaymentController->{closure:App/Http/Controllers/Api/V1/RepaymentController::store():54}(Object(Illuminate/Database/SQLiteConnection))
#15 C:/Users/Y.com/Downloads/sacco-management-develop/backend/vendor/laravel/framework/src/Illuminate/Database/DatabaseManager.php(491): Illuminate/Database/Connection->transaction(Object(Closure))
#16 C:/Users/Y.com/Downloads/sacco-management-develop/backend/vendor/laravel/framework/src/Illuminate/Support/Facades/Facade.php(363): Illuminate/Database/DatabaseManager->__call('transaction', Array)
#17 C:/Users/Y.com/Downloads/sacco-management-develop/backend/app/Http/Controllers/Api/V1/RepaymentController.php(54): Illuminate/Support/Facades/Facade::__callStatic('transaction', Array)
#18 C:/Users/Y.com/Downloads/sacco-management-develop/backend/vendor/laravel/framework/src/Illuminate/Routing/ControllerDispatcher.php(46): App/Http/Controllers/Api/V1/RepaymentController->store(Object(App/Http/Requests/Api/V1/StoreRepaymentRequest), Object(App/Models/Loan))
#19 C:/Users/Y.com/Downloads/sacco-management-develop/backend/vendor/laravel/framework/src/Illuminate/Routing/Route.php(265): Illuminate/Routing/ControllerDispatcher->dispatch(Object(Illuminate/Routing/Route), Object(App/Http/Controllers/Api/V1/RepaymentController), 'store')
#20 C:/Users/Y.com/Downloads/sacco-management-develop/backend/vendor/laravel/framework/src/Illuminate/Routing/Route.php(211): Illuminate/Routing/Route->runController()
#21 C:/Users/Y.com/Downloads/sacco-management-develop/backend/vendor/laravel/framework/src/Illuminate/Routing/Router.php(822): Illuminate/Routing/Route->run()
#22 C:/Users/Y.com/Downloads/sacco-management-develop/backend/vendor/laravel/framework/src/Illuminate/Pipeline/Pipeline.php(180): Illuminate/Routing/Router->{closure:Illuminate/Routing/Router::runRouteWithinStack():821}(Object(Illuminate/Http/Request))
#23 C:/Users/Y.com/Downloads/sacco-management-develop/backend/app/Http/Middleware/RoleMiddleware.php(26): Illuminate/Pipeline/Pipeline->{closure:Illuminate/Pipeline/Pipeline::prepareDestination():178}(Object(Illuminate/Http/Request))
#24 C:/Users/Y.com/Downloads/sacco-management-develop/backend/vendor/laravel/framework/src/Illuminate/Pipeline/Pipeline.php(219): App/Http/Middleware/RoleMiddleware->handle(Object(Illuminate/Http/Request), Object(Closure), 'admin', 'sacco_admin')
#25 C:/Users/Y.com/Downloads/sacco-management-develop/backend/vendor/grazulex/laravel-apiroute/src/Middleware/FallbackRoute.php(31): Illuminate/Pipeline/Pipeline->{closure:{closure:Illuminate/Pipeline/Pipeline::carry():194}:195}(Object(Illuminate/Http/Request))
#26 C:/Users/Y.com/Downloads/sacco-management-develop/backend/vendor/laravel/framework/src/Illuminate/Pipeline/Pipeline.php(219): Grazulex/ApiRoute/Middleware/FallbackRoute->handle(Object(Illuminate/Http/Request), Object(Closure))
#27 C:/Users/Y.com/Downloads/sacco-management-develop/backend/vendor/grazulex/laravel-apiroute/src/Middleware/RateLimitApiVersion.php(35): Illuminate/Pipeline/Pipeline->{closure:{closure:Illuminate/Pipeline/Pipeline::carry():194}:195}(Object(Illuminate/Http/Request))
#28 C:/Users/Y.com/Downloads/sacco-management-develop/backend/vendor/laravel/framework/src/Illuminate/Pipeline/Pipeline.php(219): Grazulex/ApiRoute/Middleware/RateLimitApiVersion->handle(Object(Illuminate/Http/Request), Object(Closure))
#29 C:/Users/Y.com/Downloads/sacco-management-develop/backend/vendor/grazulex/laravel-apiroute/src/Middleware/ResolveApiVersion.php(62): Illuminate/Pipeline/Pipeline->{closure:{closure:Illuminate/Pipeline/Pipeline::carry():194}:195}(Object(Illuminate/Http/Request))
#30 C:/Users/Y.com/Downloads/sacco-management-develop/backend/vendor/laravel/framework/src/Illuminate/Pipeline/Pipeline.php(219): Grazulex/ApiRoute/Middleware/ResolveApiVersion->handle(Object(Illuminate/Http/Request), Object(Closure))
#31 C:/Users/Y.com/Downloads/sacco-management-develop/backend/vendor/laravel/framework/src/Illuminate/Routing/Middleware/SubstituteBindings.php(50): Illuminate/Pipeline/Pipeline->{closure:{closure:Illuminate/Pipeline/Pipeline::carry():194}:195}(Object(Illuminate/Http/Request))
#32 C:/Users/Y.com/Downloads/sacco-management-develop/backend/vendor/laravel/framework/src/Illuminate/Pipeline/Pipeline.php(219): Illuminate/Routing/Middleware/SubstituteBindings->handle(Object(Illuminate/Http/Request), Object(Closure))
#33 C:/Users/Y.com/Downloads/sacco-management-develop/backend/vendor/laravel/framework/src/Illuminate/Routing/Middleware/ThrottleRequests.php(166): Illuminate/Pipeline/Pipeline->{closure:{closure:Illuminate/Pipeline/Pipeline::carry():194}:195}(Object(Illuminate/Http/Request))
#34 C:/Users/Y.com/Downloads/sacco-management-develop/backend/vendor/laravel/framework/src/Illuminate/Routing/Middleware/ThrottleRequests.php(129): Illuminate/Routing/Middleware/ThrottleRequests->handleRequest(Object(Illuminate/Http/Request), Object(Closure), Array)
#35 C:/Users/Y.com/Downloads/sacco-management-develop/backend/vendor/laravel/framework/src/Illuminate/Routing/Middleware/ThrottleRequests.php(90): Illuminate/Routing/Middleware/ThrottleRequests->handleRequestUsingNamedLimiter(Object(Illuminate/Http/Request), Object(Closure), 'authenticated', Object(Closure))
#36 C:/Users/Y.com/Downloads/sacco-management-develop/backend/vendor/laravel/framework/src/Illuminate/Pipeline/Pipeline.php(219): Illuminate/Routing/Middleware/ThrottleRequests->handle(Object(Illuminate/Http/Request), Object(Closure), 'authenticated')
#37 C:/Users/Y.com/Downloads/sacco-management-develop/backend/vendor/laravel/framework/src/Illuminate/Auth/Middleware/Authenticate.php(63): Illuminate/Pipeline/Pipeline->{closure:{closure:Illuminate/Pipeline/Pipeline::carry():194}:195}(Object(Illuminate/Http/Request))
#38 C:/Users/Y.com/Downloads/sacco-management-develop/backend/vendor/laravel/framework/src/Illuminate/Pipeline/Pipeline.php(219): Illuminate/Auth/Middleware/Authenticate->handle(Object(Illuminate/Http/Request), Object(Closure), 'sanctum')
#39 C:/Users/Y.com/Downloads/sacco-management-develop/backend/vendor/laravel/framework/src/Illuminate/Pipeline/Pipeline.php(137): Illuminate/Pipeline/Pipeline->{closure:{closure:Illuminate/Pipeline/Pipeline::carry():194}:195}(Object(Illuminate/Http/Request))
#40 C:/Users/Y.com/Downloads/sacco-management-develop/backend/vendor/laravel/framework/src/Illuminate/Routing/Router.php(821): Illuminate/Pipeline/Pipeline->then(Object(Closure))
#41 C:/Users/Y.com/Downloads/sacco-management-develop/backend/vendor/laravel/framework/src/Illuminate/Routing/Router.php(800): Illuminate/Routing/Router->runRouteWithinStack(Object(Illuminate/Routing/Route), Object(Illuminate/Http/Request))
#42 C:/Users/Y.com/Downloads/sacco-management-develop/backend/vendor/laravel/framework/src/Illuminate/Routing/Router.php(764): Illuminate/Routing/Router->runRoute(Object(Illuminate/Http/Request), Object(Illuminate/Routing/Route))
#43 C:/Users/Y.com/Downloads/sacco-management-develop/backend/vendor/laravel/framework/src/Illuminate/Routing/Router.php(753): Illuminate/Routing/Router->dispatchToRoute(Object(Illuminate/Http/Request))
#44 C:/Users/Y.com/Downloads/sacco-management-develop/backend/vendor/laravel/framework/src/Illuminate/Foundation/Http/Kernel.php(200): Illuminate/Routing/Router->dispatch(Object(Illuminate/Http/Request))
#45 C:/Users/Y.com/Downloads/sacco-management-develop/backend/vendor/laravel/framework/src/Illuminate/Pipeline/Pipeline.php(180): Illuminate/Foundation/Http/Kernel->{closure:Illuminate/Foundation/Http/Kernel::dispatchToRouter():197}(Object(Illuminate/Http/Request))
#46 C:/Users/Y.com/Downloads/sacco-management-develop/backend/vendor/laravel/framework/src/Illuminate/Foundation/Http/Middleware/TransformsRequest.php(21): Illuminate/Pipeline/Pipeline->{closure:Illuminate/Pipeline/Pipeline::prepareDestination():178}(Object(Illuminate/Http/Request))
#47 C:/Users/Y.com/Downloads/sacco-management-develop/backend/vendor/laravel/framework/src/Illuminate/Foundation/Http/Middleware/ConvertEmptyStringsToNull.php(31): Illuminate/Foundation/Http/Middleware/TransformsRequest->handle(Object(Illuminate/Http/Request), Object(Closure))
#48 C:/Users/Y.com/Downloads/sacco-management-develop/backend/vendor/laravel/framework/src/Illuminate/Pipeline/Pipeline.php(219): Illuminate/Foundation/Http/Middleware/ConvertEmptyStringsToNull->handle(Object(Illuminate/Http/Request), Object(Closure))
#49 C:/Users/Y.com/Downloads/sacco-management-develop/backend/vendor/laravel/framework/src/Illuminate/Foundation/Http/Middleware/TransformsRequest.php(21): Illuminate/Pipeline/Pipeline->{closure:{closure:Illuminate/Pipeline/Pipeline::carry():194}:195}(Object(Illuminate/Http/Request))
#50 C:/Users/Y.com/Downloads/sacco-management-develop/backend/vendor/laravel/framework/src/Illuminate/Foundation/Http/Middleware/TrimStrings.php(51): Illuminate/Foundation/Http/Middleware/TransformsRequest->handle(Object(Illuminate/Http/Request), Object(Closure))
#51 C:/Users/Y.com/Downloads/sacco-management-develop/backend/vendor/laravel/framework/src/Illuminate/Pipeline/Pipeline.php(219): Illuminate/Foundation/Http/Middleware/TrimStrings->handle(Object(Illuminate/Http/Request), Object(Closure))
#52 C:/Users/Y.com/Downloads/sacco-management-develop/backend/vendor/laravel/framework/src/Illuminate/Http/Middleware/ValidatePostSize.php(27): Illuminate/Pipeline/Pipeline->{closure:{closure:Illuminate/Pipeline/Pipeline::carry():194}:195}(Object(Illuminate/Http/Request))
#53 C:/Users/Y.com/Downloads/sacco-management-develop/backend/vendor/laravel/framework/src/Illuminate/Pipeline/Pipeline.php(219): Illuminate/Http/Middleware/ValidatePostSize->handle(Object(Illuminate/Http/Request), Object(Closure))
#54 C:/Users/Y.com/Downloads/sacco-management-develop/backend/vendor/laravel/framework/src/Illuminate/Foundation/Http/Middleware/PreventRequestsDuringMaintenance.php(109): Illuminate/Pipeline/Pipeline->{closure:{closure:Illuminate/Pipeline/Pipeline::carry():194}:195}(Object(Illuminate/Http/Request))
#55 C:/Users/Y.com/Downloads/sacco-management-develop/backend/vendor/laravel/framework/src/Illuminate/Pipeline/Pipeline.php(219): Illuminate/Foundation/Http/Middleware/PreventRequestsDuringMaintenance->handle(Object(Illuminate/Http/Request), Object(Closure))
#56 C:/Users/Y.com/Downloads/sacco-management-develop/backend/vendor/laravel/framework/src/Illuminate/Http/Middleware/HandleCors.php(74): Illuminate/Pipeline/Pipeline->{closure:{closure:Illuminate/Pipeline/Pipeline::carry():194}:195}(Object(Illuminate/Http/Request))
#57 C:/Users/Y.com/Downloads/sacco-management-develop/backend/vendor/laravel/framework/src/Illuminate/Pipeline/Pipeline.php(219): Illuminate/Http/Middleware/HandleCors->handle(Object(Illuminate/Http/Request), Object(Closure))
#58 C:/Users/Y.com/Downloads/sacco-management-develop/backend/vendor/laravel/framework/src/Illuminate/Http/Middleware/TrustProxies.php(58): Illuminate/Pipeline/Pipeline->{closure:{closure:Illuminate/Pipeline/Pipeline::carry():194}:195}(Object(Illuminate/Http/Request))
#59 C:/Users/Y.com/Downloads/sacco-management-develop/backend/vendor/laravel/framework/src/Illuminate/Pipeline/Pipeline.php(219): Illuminate/Http/Middleware/TrustProxies->handle(Object(Illuminate/Http/Request), Object(Closure))
#60 C:/Users/Y.com/Downloads/sacco-management-develop/backend/vendor/laravel/framework/src/Illuminate/Foundation/Http/Middleware/InvokeDeferredCallbacks.php(22): Illuminate/Pipeline/Pipeline->{closure:{closure:Illuminate/Pipeline/Pipeline::carry():194}:195}(Object(Illuminate/Http/Request))
#61 C:/Users/Y.com/Downloads/sacco-management-develop/backend/vendor/laravel/framework/src/Illuminate/Pipeline/Pipeline.php(219): Illuminate/Foundation/Http/Middleware/InvokeDeferredCallbacks->handle(Object(Illuminate/Http/Request), Object(Closure))
#62 C:/Users/Y.com/Downloads/sacco-management-develop/backend/vendor/laravel/framework/src/Illuminate/Http/Middleware/ValidatePathEncoding.php(26): Illuminate/Pipeline/Pipeline->{closure:{closure:Illuminate/Pipeline/Pipeline::carry():194}:195}(Object(Illuminate/Http/Request))
#63 C:/Users/Y.com/Downloads/sacco-management-develop/backend/vendor/laravel/framework/src/Illuminate/Pipeline/Pipeline.php(219): Illuminate/Http/Middleware/ValidatePathEncoding->handle(Object(Illuminate/Http/Request), Object(Closure))
#64 C:/Users/Y.com/Downloads/sacco-management-develop/backend/vendor/laravel/framework/src/Illuminate/Pipeline/Pipeline.php(137): Illuminate/Pipeline/Pipeline->{closure:{closure:Illuminate/Pipeline/Pipeline::carry():194}:195}(Object(Illuminate/Http/Request))
#65 C:/Users/Y.com/Downloads/sacco-management-develop/backend/vendor/laravel/framework/src/Illuminate/Foundation/Http/Kernel.php(175): Illuminate/Pipeline/Pipeline->then(Object(Closure))
#66 C:/Users/Y.com/Downloads/sacco-management-develop/backend/vendor/laravel/framework/src/Illuminate/Foundation/Http/Kernel.php(144): Illuminate/Foundation/Http/Kernel->sendRequestThroughRouter(Object(Illuminate/Http/Request))
#67 C:/Users/Y.com/Downloads/sacco-management-develop/backend/vendor/laravel/framework/src/Illuminate/Foundation/Testing/Concerns/MakesHttpRequests.php(607): Illuminate/Foundation/Http/Kernel->handle(Object(Illuminate/Http/Request))
#68 C:/Users/Y.com/Downloads/sacco-management-develop/backend/vendor/laravel/framework/src/Illuminate/Foundation/Testing/Concerns/MakesHttpRequests.php(573): Illuminate/Foundation/Testing/TestCase->call('POST', '/api/v1/loans/1...', Array, Array, Array, Array, '{\"schedule_id\":...')
#69 C:/Users/Y.com/Downloads/sacco-management-develop/backend/vendor/laravel/framework/src/Illuminate/Foundation/Testing/Concerns/MakesHttpRequests.php(411): Illuminate/Foundation/Testing/TestCase->json('POST', '/api/v1/loans/1...', Array, Array, 0)
#70 C:/Users/Y.com/Downloads/sacco-management-develop/backend/tests/Feature/RepaymentEndpointsTest.php(236): Illuminate/Foundation/Testing/TestCase->postJson('/api/v1/loans/1...', Array)
#71 C:/Users/Y.com/Downloads/sacco-management-develop/backend/vendor/phpunit/phpunit/src/Framework/TestCase.php(1667): Tests/Feature/RepaymentEndpointsTest->test_transaction_rolls_back_when_repayment_processing_fails()
#72 C:/Users/Y.com/Downloads/sacco-management-develop/backend/vendor/phpunit/phpunit/src/Framework/TestCase.php(519): PHPUnit/Framework/TestCase->runTest()
#73 C:/Users/Y.com/Downloads/sacco-management-develop/backend/vendor/phpunit/phpunit/src/Framework/TestRunner/TestRunner.php(87): PHPUnit/Framework/TestCase->runBare()
#74 C:/Users/Y.com/Downloads/sacco-management-develop/backend/vendor/phpunit/phpunit/src/Framework/TestCase.php(365): PHPUnit/Framework/TestRunner->run(Object(Tests/Feature/RepaymentEndpointsTest))
#75 C:/Users/Y.com/Downloads/sacco-management-develop/backend/vendor/phpunit/phpunit/src/Framework/TestSuite.php(369): PHPUnit/Framework/TestCase->run()
#76 C:/Users/Y.com/Downloads/sacco-management-develop/backend/vendor/phpunit/phpunit/src/Framework/TestSuite.php(369): PHPUnit/Framework/TestSuite->run()
#77 C:/Users/Y.com/Downloads/sacco-management-develop/backend/vendor/phpunit/phpunit/src/Framework/TestSuite.php(369): PHPUnit/Framework/TestSuite->run()
#78 C:/Users/Y.com/Downloads/sacco-management-develop/backend/vendor/phpunit/phpunit/src/TextUI/TestRunner.php(64): PHPUnit/Framework/TestSuite->run()
#79 C:/Users/Y.com/Downloads/sacco-management-develop/backend/vendor/phpunit/phpunit/src/TextUI/Application.php(211): PHPUnit/TextUI/TestRunner->run(Object(PHPUnit/TextUI/Configuration/Configuration), Object(PHPUnit/Runner/ResultCache/DefaultResultCache), Object(PHPUnit/Framework/TestSuite))
#80 C:/Users/Y.com/Downloads/sacco-management-develop/backend/vendor/phpunit/phpunit/phpunit(104): PHPUnit/TextUI/Application->run(Array)
#81 {main}
"} 
